2026-09-15 16:40:48,131 INFO     pick_control_template2  run pick_control_template2 -> logs/pick_control_template2-2026-09-15-164048.log
2026-09-15 16:40:48,132 INFO     pick_control_template2  config {"templates": ["{} works as a", "{}'s profession is that of a", "By profession, {} is a", "{} is a professional"], "ticket": "E-013", "truth": "ANY of the subject's P106 values"}
2026-09-15 16:40:48,922 INFO     pick_control_template2  134 subjects; 98 have MORE THAN ONE occupation (73%) — mean 3.0
2026-09-15 16:40:48,923 INFO     pick_control_template2  174 distinct occupations in the pool
2026-09-15 16:40:51,468 DEBUG    remote  splitting 6960 pairs into 73 chunks of <=96 (cap 96)
2026-09-15 16:40:55,653 DEBUG    remote  trace ok: 96 rows, 197 tok, 4.2s
2026-09-15 16:40:58,609 DEBUG    remote  trace ok: 96 rows, 186 tok, 2.9s
2026-09-15 16:41:01,597 DEBUG    remote  trace ok: 96 rows, 195 tok, 3.0s
2026-09-15 16:41:04,562 DEBUG    remote  trace ok: 96 rows, 189 tok, 2.9s
2026-09-15 16:41:07,737 DEBUG    remote  trace ok: 96 rows, 186 tok, 3.2s
2026-09-15 16:41:10,842 DEBUG    remote  trace ok: 96 rows, 201 tok, 3.1s
2026-09-15 16:41:14,045 DEBUG    remote  trace ok: 96 rows, 186 tok, 3.2s
2026-09-15 16:41:17,204 DEBUG    remote  trace ok: 96 rows, 197 tok, 3.1s
2026-09-15 16:41:20,135 DEBUG    remote  trace ok: 96 rows, 186 tok, 2.9s
2026-09-15 16:41:23,294 DEBUG    remote  trace ok: 96 rows, 195 tok, 3.2s
2026-09-15 16:41:26,581 DEBUG    remote  trace ok: 96 rows, 189 tok, 3.3s
2026-09-15 16:41:29,514 DEBUG    remote  trace ok: 96 rows, 196 tok, 2.9s
2026-09-15 16:41:32,711 DEBUG    remote  trace ok: 96 rows, 186 tok, 3.2s
2026-09-15 16:41:38,896 DEBUG    remote  trace ok: 96 rows, 190 tok, 6.2s
2026-09-15 16:41:42,000 DEBUG    remote  trace ok: 96 rows, 197 tok, 3.1s
2026-09-15 16:41:45,223 DEBUG    remote  trace ok: 96 rows, 184 tok, 3.2s
2026-09-15 16:41:48,173 DEBUG    remote  trace ok: 96 rows, 201 tok, 2.9s
2026-09-15 16:41:51,316 DEBUG    remote  trace ok: 96 rows, 184 tok, 3.1s
2026-09-15 16:41:54,484 DEBUG    remote  trace ok: 96 rows, 195 tok, 3.2s
2026-09-15 16:41:57,793 DEBUG    remote  trace ok: 96 rows, 193 tok, 3.3s
2026-09-15 16:42:00,755 DEBUG    remote  trace ok: 96 rows, 194 tok, 3.0s
2026-09-15 16:42:03,886 DEBUG    remote  trace ok: 96 rows, 186 tok, 3.1s
2026-09-15 16:42:07,062 DEBUG    remote  trace ok: 96 rows, 193 tok, 3.2s
2026-09-15 16:42:10,316 DEBUG    remote  trace ok: 96 rows, 195 tok, 3.2s
2026-09-15 16:42:13,360 DEBUG    remote  trace ok: 96 rows, 181 tok, 3.0s
2026-09-15 16:42:16,560 DEBUG    remote  trace ok: 96 rows, 202 tok, 3.2s
2026-09-15 16:42:19,785 DEBUG    remote  trace ok: 96 rows, 183 tok, 3.2s
2026-09-15 16:42:22,737 DEBUG    remote  trace ok: 96 rows, 198 tok, 2.9s
2026-09-15 16:42:25,955 DEBUG    remote  trace ok: 96 rows, 187 tok, 3.2s
2026-09-15 16:42:29,005 DEBUG    remote  trace ok: 96 rows, 197 tok, 3.0s
2026-09-15 16:42:31,959 DEBUG    remote  trace ok: 96 rows, 186 tok, 2.9s
2026-09-15 16:42:35,145 DEBUG    remote  trace ok: 96 rows, 195 tok, 3.2s
2026-09-15 16:42:38,258 DEBUG    remote  trace ok: 96 rows, 189 tok, 3.1s
2026-09-15 16:42:41,399 DEBUG    remote  trace ok: 96 rows, 186 tok, 3.1s
2026-09-15 16:42:44,477 DEBUG    remote  trace ok: 96 rows, 201 tok, 3.1s
2026-09-15 16:42:47,699 DEBUG    remote  trace ok: 96 rows, 186 tok, 3.2s
2026-09-15 16:42:50,890 DEBUG    remote  trace ok: 96 rows, 197 tok, 3.2s
2026-09-15 16:42:54,069 DEBUG    remote  trace ok: 96 rows, 186 tok, 3.2s
2026-09-15 16:42:57,225 DEBUG    remote  trace ok: 96 rows, 195 tok, 3.1s
2026-09-15 16:43:00,489 DEBUG    remote  trace ok: 96 rows, 189 tok, 3.3s
2026-09-15 16:43:03,449 DEBUG    remote  trace ok: 96 rows, 196 tok, 3.0s
2026-09-15 16:43:06,617 DEBUG    remote  trace ok: 96 rows, 186 tok, 3.2s
2026-09-15 16:43:09,567 DEBUG    remote  trace ok: 96 rows, 190 tok, 2.9s
2026-09-15 16:43:12,825 DEBUG    remote  trace ok: 96 rows, 197 tok, 3.2s
2026-09-15 16:43:16,121 DEBUG    remote  trace ok: 96 rows, 184 tok, 3.3s
2026-09-15 16:43:19,375 DEBUG    remote  trace ok: 96 rows, 201 tok, 3.2s
2026-09-15 16:43:22,363 DEBUG    remote  trace ok: 96 rows, 184 tok, 3.0s
2026-09-15 16:43:25,583 DEBUG    remote  trace ok: 96 rows, 195 tok, 3.2s
2026-09-15 16:43:28,559 DEBUG    remote  trace ok: 96 rows, 193 tok, 3.0s
2026-09-15 16:43:31,658 DEBUG    remote  trace ok: 96 rows, 194 tok, 3.1s
2026-09-15 16:43:34,672 DEBUG    remote  trace ok: 96 rows, 186 tok, 3.0s
2026-09-15 16:43:37,833 DEBUG    remote  trace ok: 96 rows, 193 tok, 3.1s
2026-09-15 16:43:40,868 DEBUG    remote  trace ok: 96 rows, 195 tok, 3.0s
2026-09-15 16:43:44,166 DEBUG    remote  trace ok: 96 rows, 181 tok, 3.3s
2026-09-15 16:43:47,186 DEBUG    remote  trace ok: 96 rows, 202 tok, 3.0s
2026-09-15 16:43:50,193 DEBUG    remote  trace ok: 96 rows, 183 tok, 3.0s
2026-09-15 16:43:53,526 DEBUG    remote  trace ok: 96 rows, 198 tok, 3.3s
2026-09-15 16:43:56,793 DEBUG    remote  trace ok: 96 rows, 187 tok, 3.3s
2026-09-15 16:43:59,987 DEBUG    remote  trace ok: 96 rows, 197 tok, 3.2s
2026-09-15 16:44:03,169 DEBUG    remote  trace ok: 96 rows, 186 tok, 3.2s
2026-09-15 16:44:06,372 DEBUG    remote  trace ok: 96 rows, 195 tok, 3.2s
2026-09-15 16:44:09,690 DEBUG    remote  trace ok: 96 rows, 189 tok, 3.3s
2026-09-15 16:44:12,659 DEBUG    remote  trace ok: 96 rows, 186 tok, 3.0s
2026-09-15 16:44:15,874 DEBUG    remote  trace ok: 96 rows, 201 tok, 3.2s
2026-09-15 16:44:19,068 DEBUG    remote  trace ok: 96 rows, 186 tok, 3.2s
2026-09-15 16:44:22,035 DEBUG    remote  trace ok: 96 rows, 197 tok, 3.0s
2026-09-15 16:44:25,321 DEBUG    remote  trace ok: 96 rows, 186 tok, 3.3s
2026-09-15 16:44:28,317 DEBUG    remote  trace ok: 96 rows, 195 tok, 3.0s
2026-09-15 16:44:31,522 DEBUG    remote  trace ok: 96 rows, 189 tok, 3.2s
2026-09-15 16:44:35,285 DEBUG    remote  trace ok: 96 rows, 196 tok, 3.8s
2026-09-15 16:44:38,757 DEBUG    remote  trace ok: 96 rows, 186 tok, 3.5s
2026-09-15 16:44:42,209 DEBUG    remote  trace ok: 96 rows, 190 tok, 3.4s
2026-09-15 16:44:45,139 DEBUG    remote  trace ok: 48 rows, 97 tok, 2.9s
2026-09-15 16:44:45,140 INFO     pick_control_template2  '{} works as a'                  top-1 in the true SET:  4/40 (10%)
2026-09-15 16:44:45,158 DEBUG    remote  splitting 6960 pairs into 73 chunks of <=96 (cap 96)
2026-09-15 16:44:48,111 DEBUG    remote  trace ok: 96 rows, 197 tok, 2.9s
2026-09-15 16:44:51,403 DEBUG    remote  trace ok: 96 rows, 186 tok, 3.3s
2026-09-15 16:44:54,693 DEBUG    remote  trace ok: 96 rows, 195 tok, 3.3s
2026-09-15 16:44:57,797 DEBUG    remote  trace ok: 96 rows, 189 tok, 3.1s
2026-09-15 16:45:01,064 DEBUG    remote  trace ok: 96 rows, 186 tok, 3.3s
2026-09-15 16:45:04,087 DEBUG    remote  trace ok: 96 rows, 201 tok, 3.0s
2026-09-15 16:45:07,143 DEBUG    remote  trace ok: 96 rows, 186 tok, 3.0s
2026-09-15 16:45:10,368 DEBUG    remote  trace ok: 96 rows, 197 tok, 3.2s
2026-09-15 16:45:13,745 DEBUG    remote  trace ok: 96 rows, 186 tok, 3.4s
2026-09-15 16:45:16,781 DEBUG    remote  trace ok: 96 rows, 195 tok, 3.0s
2026-09-15 16:45:19,834 DEBUG    remote  trace ok: 96 rows, 189 tok, 3.0s
2026-09-15 16:45:23,063 DEBUG    remote  trace ok: 96 rows, 196 tok, 3.2s
2026-09-15 16:45:26,306 DEBUG    remote  trace ok: 96 rows, 186 tok, 3.2s
2026-09-15 16:45:29,457 DEBUG    remote  trace ok: 96 rows, 190 tok, 3.1s
2026-09-15 16:45:32,688 DEBUG    remote  trace ok: 96 rows, 197 tok, 3.2s
2026-09-15 16:45:35,892 DEBUG    remote  trace ok: 96 rows, 184 tok, 3.2s
2026-09-15 16:45:38,851 DEBUG    remote  trace ok: 96 rows, 201 tok, 2.9s
2026-09-15 16:45:42,074 DEBUG    remote  trace ok: 96 rows, 184 tok, 3.2s
2026-09-15 16:45:45,416 DEBUG    remote  trace ok: 96 rows, 195 tok, 3.3s
2026-09-15 16:45:48,649 DEBUG    remote  trace ok: 96 rows, 193 tok, 3.2s
2026-09-15 16:45:51,941 DEBUG    remote  trace ok: 96 rows, 194 tok, 3.3s
2026-09-15 16:45:55,170 DEBUG    remote  trace ok: 96 rows, 186 tok, 3.2s
2026-09-15 16:45:58,393 DEBUG    remote  trace ok: 96 rows, 193 tok, 3.2s
2026-09-15 16:46:01,813 DEBUG    remote  trace ok: 96 rows, 195 tok, 3.4s
2026-09-15 16:46:05,042 DEBUG    remote  trace ok: 96 rows, 181 tok, 3.2s
2026-09-15 16:46:08,287 DEBUG    remote  trace ok: 96 rows, 202 tok, 3.2s
2026-09-15 16:46:11,541 DEBUG    remote  trace ok: 96 rows, 183 tok, 3.2s
2026-09-15 16:46:14,861 DEBUG    remote  trace ok: 96 rows, 198 tok, 3.3s
2026-09-15 16:46:18,118 DEBUG    remote  trace ok: 96 rows, 187 tok, 3.2s
2026-09-15 16:46:21,232 DEBUG    remote  trace ok: 96 rows, 197 tok, 3.1s
2026-09-15 16:46:24,494 DEBUG    remote  trace ok: 96 rows, 186 tok, 3.2s
2026-09-15 16:46:27,487 DEBUG    remote  trace ok: 96 rows, 195 tok, 3.0s
2026-09-15 16:46:30,496 DEBUG    remote  trace ok: 96 rows, 189 tok, 3.0s
2026-09-15 16:46:33,506 DEBUG    remote  trace ok: 96 rows, 186 tok, 3.0s
2026-09-15 16:46:36,817 DEBUG    remote  trace ok: 96 rows, 201 tok, 3.3s
2026-09-15 16:46:40,027 DEBUG    remote  trace ok: 96 rows, 186 tok, 3.2s
2026-09-15 16:46:43,281 DEBUG    remote  trace ok: 96 rows, 197 tok, 3.2s
2026-09-15 16:46:46,267 DEBUG    remote  trace ok: 96 rows, 186 tok, 3.0s
2026-09-15 16:46:49,497 DEBUG    remote  trace ok: 96 rows, 195 tok, 3.2s
2026-09-15 16:46:52,808 DEBUG    remote  trace ok: 96 rows, 189 tok, 3.3s
2026-09-15 16:46:55,761 DEBUG    remote  trace ok: 96 rows, 196 tok, 2.9s
2026-09-15 16:46:58,942 DEBUG    remote  trace ok: 96 rows, 186 tok, 3.2s
2026-09-15 16:47:02,153 DEBUG    remote  trace ok: 96 rows, 190 tok, 3.2s
2026-09-15 16:47:05,144 DEBUG    remote  trace ok: 96 rows, 197 tok, 3.0s
2026-09-15 16:47:08,204 DEBUG    remote  trace ok: 96 rows, 184 tok, 3.0s
2026-09-15 16:47:11,182 DEBUG    remote  trace ok: 96 rows, 201 tok, 3.0s
2026-09-15 16:47:14,409 DEBUG    remote  trace ok: 96 rows, 184 tok, 3.2s
2026-09-15 16:47:17,377 DEBUG    remote  trace ok: 96 rows, 195 tok, 3.0s
2026-09-15 16:47:20,487 DEBUG    remote  trace ok: 96 rows, 193 tok, 3.1s
2026-09-15 16:47:23,529 DEBUG    remote  trace ok: 96 rows, 194 tok, 3.0s
2026-09-15 16:47:26,741 DEBUG    remote  trace ok: 96 rows, 186 tok, 3.2s
2026-09-15 16:47:29,960 DEBUG    remote  trace ok: 96 rows, 193 tok, 3.2s
2026-09-15 16:47:32,970 DEBUG    remote  trace ok: 96 rows, 195 tok, 3.0s
2026-09-15 16:47:36,141 DEBUG    remote  trace ok: 96 rows, 181 tok, 3.2s
2026-09-15 16:47:39,207 DEBUG    remote  trace ok: 96 rows, 202 tok, 3.1s
2026-09-15 16:47:42,199 DEBUG    remote  trace ok: 96 rows, 183 tok, 3.0s
2026-09-15 16:47:45,398 DEBUG    remote  trace ok: 96 rows, 198 tok, 3.2s
2026-09-15 16:47:48,574 DEBUG    remote  trace ok: 96 rows, 187 tok, 3.2s
2026-09-15 16:47:51,537 DEBUG    remote  trace ok: 96 rows, 197 tok, 2.9s
2026-09-15 16:47:54,862 DEBUG    remote  trace ok: 96 rows, 186 tok, 3.3s
2026-09-15 16:47:58,050 DEBUG    remote  trace ok: 96 rows, 195 tok, 3.2s
2026-09-15 16:48:01,248 DEBUG    remote  trace ok: 96 rows, 189 tok, 3.2s
2026-09-15 16:48:05,038 DEBUG    remote  trace ok: 96 rows, 186 tok, 3.8s
2026-09-15 16:48:08,264 DEBUG    remote  trace ok: 96 rows, 201 tok, 3.2s
2026-09-15 16:48:11,501 DEBUG    remote  trace ok: 96 rows, 186 tok, 3.2s
2026-09-15 16:48:14,499 DEBUG    remote  trace ok: 96 rows, 197 tok, 3.0s
2026-09-15 16:48:17,756 DEBUG    remote  trace ok: 96 rows, 186 tok, 3.2s
2026-09-15 16:48:20,675 DEBUG    remote  trace ok: 96 rows, 195 tok, 2.9s
2026-09-15 16:48:23,845 DEBUG    remote  trace ok: 96 rows, 189 tok, 3.2s
2026-09-15 16:48:27,083 DEBUG    remote  trace ok: 96 rows, 196 tok, 3.2s
2026-09-15 16:48:30,274 DEBUG    remote  trace ok: 96 rows, 186 tok, 3.2s
2026-09-15 16:48:33,464 DEBUG    remote  trace ok: 96 rows, 190 tok, 3.2s
2026-09-15 16:48:36,576 DEBUG    remote  trace ok: 48 rows, 97 tok, 3.1s
2026-09-15 16:48:36,578 INFO     pick_control_template2  "{}'s profession is that of a"   top-1 in the true SET:  7/40 (18%)
2026-09-15 16:48:36,588 DEBUG    remote  splitting 6960 pairs into 73 chunks of <=96 (cap 96)
2026-09-15 16:48:39,613 DEBUG    remote  trace ok: 96 rows, 197 tok, 3.0s
2026-09-15 16:48:42,633 DEBUG    remote  trace ok: 96 rows, 186 tok, 3.0s
2026-09-15 16:48:45,940 DEBUG    remote  trace ok: 96 rows, 195 tok, 3.3s
2026-09-15 16:48:49,128 DEBUG    remote  trace ok: 96 rows, 189 tok, 3.2s
2026-09-15 16:48:52,118 DEBUG    remote  trace ok: 96 rows, 186 tok, 3.0s
2026-09-15 16:48:55,065 DEBUG    remote  trace ok: 96 rows, 201 tok, 2.9s
2026-09-15 16:48:58,411 DEBUG    remote  trace ok: 96 rows, 186 tok, 3.3s
2026-09-15 16:49:01,669 DEBUG    remote  trace ok: 96 rows, 197 tok, 3.3s
2026-09-15 16:49:04,593 DEBUG    remote  trace ok: 96 rows, 186 tok, 2.9s
2026-09-15 16:49:07,563 DEBUG    remote  trace ok: 96 rows, 195 tok, 3.0s
2026-09-15 16:49:10,525 DEBUG    remote  trace ok: 96 rows, 189 tok, 3.0s
2026-09-15 16:49:13,564 DEBUG    remote  trace ok: 96 rows, 196 tok, 3.0s
2026-09-15 16:49:16,951 DEBUG    remote  trace ok: 96 rows, 186 tok, 3.4s
2026-09-15 16:49:19,957 DEBUG    remote  trace ok: 96 rows, 190 tok, 3.0s
2026-09-15 16:49:23,113 DEBUG    remote  trace ok: 96 rows, 197 tok, 3.1s
2026-09-15 16:49:26,055 DEBUG    remote  trace ok: 96 rows, 184 tok, 2.9s
2026-09-15 16:49:29,212 DEBUG    remote  trace ok: 96 rows, 201 tok, 3.1s
2026-09-15 16:49:32,193 DEBUG    remote  trace ok: 96 rows, 184 tok, 3.0s
2026-09-15 16:49:35,530 DEBUG    remote  trace ok: 96 rows, 195 tok, 3.3s
2026-09-15 16:49:38,772 DEBUG    remote  trace ok: 96 rows, 193 tok, 3.2s
2026-09-15 16:49:41,999 DEBUG    remote  trace ok: 96 rows, 194 tok, 3.2s
2026-09-15 16:49:45,329 DEBUG    remote  trace ok: 96 rows, 186 tok, 3.3s
2026-09-15 16:49:48,281 DEBUG    remote  trace ok: 96 rows, 193 tok, 2.9s
2026-09-15 16:49:51,572 DEBUG    remote  trace ok: 96 rows, 195 tok, 3.3s
2026-09-15 16:49:54,791 DEBUG    remote  trace ok: 96 rows, 181 tok, 3.2s
2026-09-15 16:49:57,983 DEBUG    remote  trace ok: 96 rows, 202 tok, 3.2s
2026-09-15 16:50:01,018 DEBUG    remote  trace ok: 96 rows, 183 tok, 3.0s
2026-09-15 16:50:04,089 DEBUG    remote  trace ok: 96 rows, 198 tok, 3.1s
2026-09-15 16:50:07,282 DEBUG    remote  trace ok: 96 rows, 187 tok, 3.2s
2026-09-15 16:50:10,542 DEBUG    remote  trace ok: 96 rows, 197 tok, 3.2s
2026-09-15 16:50:13,770 DEBUG    remote  trace ok: 96 rows, 186 tok, 3.2s
2026-09-15 16:50:17,001 DEBUG    remote  trace ok: 96 rows, 195 tok, 3.2s
2026-09-15 16:50:20,247 DEBUG    remote  trace ok: 96 rows, 189 tok, 3.2s
2026-09-15 16:50:23,430 DEBUG    remote  trace ok: 96 rows, 186 tok, 3.2s
2026-09-15 16:50:26,475 DEBUG    remote  trace ok: 96 rows, 201 tok, 3.0s
2026-09-15 16:50:29,428 DEBUG    remote  trace ok: 96 rows, 186 tok, 2.9s
2026-09-15 16:50:32,691 DEBUG    remote  trace ok: 96 rows, 197 tok, 3.2s
2026-09-15 16:50:35,917 DEBUG    remote  trace ok: 96 rows, 186 tok, 3.2s
2026-09-15 16:50:39,164 DEBUG    remote  trace ok: 96 rows, 195 tok, 3.2s
2026-09-15 16:50:42,325 DEBUG    remote  trace ok: 96 rows, 189 tok, 3.1s
2026-09-15 16:50:45,527 DEBUG    remote  trace ok: 96 rows, 196 tok, 3.2s
2026-09-15 16:50:48,822 DEBUG    remote  trace ok: 96 rows, 186 tok, 3.3s
2026-09-15 16:50:51,821 DEBUG    remote  trace ok: 96 rows, 190 tok, 3.0s
2026-09-15 16:50:54,836 DEBUG    remote  trace ok: 96 rows, 197 tok, 3.0s
2026-09-15 16:50:57,825 DEBUG    remote  trace ok: 96 rows, 184 tok, 3.0s
2026-09-15 16:51:01,052 DEBUG    remote  trace ok: 96 rows, 201 tok, 3.2s
2026-09-15 16:51:04,330 DEBUG    remote  trace ok: 96 rows, 184 tok, 3.3s
2026-09-15 16:51:08,194 DEBUG    remote  trace ok: 96 rows, 195 tok, 3.9s
2026-09-15 16:51:11,401 DEBUG    remote  trace ok: 96 rows, 193 tok, 3.2s
2026-09-15 16:51:14,391 DEBUG    remote  trace ok: 96 rows, 194 tok, 3.0s
2026-09-15 16:51:17,594 DEBUG    remote  trace ok: 96 rows, 186 tok, 3.2s
2026-09-15 16:51:20,915 DEBUG    remote  trace ok: 96 rows, 193 tok, 3.3s
2026-09-15 16:51:24,094 DEBUG    remote  trace ok: 96 rows, 195 tok, 3.2s
2026-09-15 16:51:27,319 DEBUG    remote  trace ok: 96 rows, 181 tok, 3.2s
2026-09-15 16:51:30,297 DEBUG    remote  trace ok: 96 rows, 202 tok, 3.0s
2026-09-15 16:51:33,563 DEBUG    remote  trace ok: 96 rows, 183 tok, 3.3s
2026-09-15 16:51:36,841 DEBUG    remote  trace ok: 96 rows, 198 tok, 3.3s
2026-09-15 16:51:39,852 DEBUG    remote  trace ok: 96 rows, 187 tok, 3.0s
2026-09-15 16:51:43,087 DEBUG    remote  trace ok: 96 rows, 197 tok, 3.2s
2026-09-15 16:51:46,280 DEBUG    remote  trace ok: 96 rows, 186 tok, 3.2s
2026-09-15 16:51:49,573 DEBUG    remote  trace ok: 96 rows, 195 tok, 3.3s
2026-09-15 16:51:53,027 DEBUG    remote  trace ok: 96 rows, 189 tok, 3.4s
2026-09-15 16:51:56,247 DEBUG    remote  trace ok: 96 rows, 186 tok, 3.2s
2026-09-15 16:51:59,453 DEBUG    remote  trace ok: 96 rows, 201 tok, 3.2s
2026-09-15 16:52:02,429 DEBUG    remote  trace ok: 96 rows, 186 tok, 3.0s
2026-09-15 16:52:05,428 DEBUG    remote  trace ok: 96 rows, 197 tok, 3.0s
2026-09-15 16:52:08,629 DEBUG    remote  trace ok: 96 rows, 186 tok, 3.2s
2026-09-15 16:52:11,606 DEBUG    remote  trace ok: 96 rows, 195 tok, 3.0s
2026-09-15 16:52:14,676 DEBUG    remote  trace ok: 96 rows, 189 tok, 3.1s
2026-09-15 16:52:17,685 DEBUG    remote  trace ok: 96 rows, 196 tok, 3.0s
2026-09-15 16:52:20,958 DEBUG    remote  trace ok: 96 rows, 186 tok, 3.3s
2026-09-15 16:52:24,164 DEBUG    remote  trace ok: 96 rows, 190 tok, 3.2s
2026-09-15 16:52:27,830 DEBUG    remote  trace ok: 48 rows, 97 tok, 3.7s
2026-09-15 16:52:27,832 INFO     pick_control_template2  'By profession, {} is a'         top-1 in the true SET:  7/40 (18%)
2026-09-15 16:52:27,845 DEBUG    remote  splitting 6960 pairs into 73 chunks of <=96 (cap 96)
2026-09-15 16:52:31,142 DEBUG    remote  trace ok: 96 rows, 197 tok, 3.3s
2026-09-15 16:52:34,365 DEBUG    remote  trace ok: 96 rows, 186 tok, 3.2s
2026-09-15 16:52:37,434 DEBUG    remote  trace ok: 96 rows, 195 tok, 3.1s
2026-09-15 16:52:43,752 DEBUG    remote  trace ok: 96 rows, 189 tok, 6.3s
2026-09-15 16:52:46,750 DEBUG    remote  trace ok: 96 rows, 186 tok, 3.0s
2026-09-15 16:52:49,968 DEBUG    remote  trace ok: 96 rows, 201 tok, 3.2s
2026-09-15 16:52:53,234 DEBUG    remote  trace ok: 96 rows, 186 tok, 3.3s
2026-09-15 16:52:56,429 DEBUG    remote  trace ok: 96 rows, 197 tok, 3.2s
2026-09-15 16:52:59,364 DEBUG    remote  trace ok: 96 rows, 186 tok, 2.9s
2026-09-15 16:53:02,606 DEBUG    remote  trace ok: 96 rows, 195 tok, 3.2s
2026-09-15 16:53:05,592 DEBUG    remote  trace ok: 96 rows, 189 tok, 3.0s
2026-09-15 16:53:08,876 DEBUG    remote  trace ok: 96 rows, 196 tok, 3.3s
2026-09-15 16:53:11,969 DEBUG    remote  trace ok: 96 rows, 186 tok, 3.1s
2026-09-15 16:53:15,253 DEBUG    remote  trace ok: 96 rows, 190 tok, 3.3s
2026-09-15 16:53:18,295 DEBUG    remote  trace ok: 96 rows, 197 tok, 3.0s
2026-09-15 16:53:21,372 DEBUG    remote  trace ok: 96 rows, 184 tok, 3.1s
2026-09-15 16:53:24,359 DEBUG    remote  trace ok: 96 rows, 201 tok, 3.0s
2026-09-15 16:53:27,567 DEBUG    remote  trace ok: 96 rows, 184 tok, 3.2s
2026-09-15 16:53:30,785 DEBUG    remote  trace ok: 96 rows, 195 tok, 3.2s
2026-09-15 16:53:34,003 DEBUG    remote  trace ok: 96 rows, 193 tok, 3.2s
2026-09-15 16:53:37,249 DEBUG    remote  trace ok: 96 rows, 194 tok, 3.2s
2026-09-15 16:53:40,194 DEBUG    remote  trace ok: 96 rows, 186 tok, 2.9s
2026-09-15 16:53:43,445 DEBUG    remote  trace ok: 96 rows, 193 tok, 3.2s
2026-09-15 16:53:46,684 DEBUG    remote  trace ok: 96 rows, 195 tok, 3.2s
2026-09-15 16:53:49,976 DEBUG    remote  trace ok: 96 rows, 181 tok, 3.3s
2026-09-15 16:53:53,297 DEBUG    remote  trace ok: 96 rows, 202 tok, 3.3s
2026-09-15 16:53:56,293 DEBUG    remote  trace ok: 96 rows, 183 tok, 3.0s
2026-09-15 16:53:59,238 DEBUG    remote  trace ok: 96 rows, 198 tok, 2.9s
2026-09-15 16:54:02,170 DEBUG    remote  trace ok: 96 rows, 187 tok, 2.9s
2026-09-15 16:54:05,422 DEBUG    remote  trace ok: 96 rows, 197 tok, 3.2s
2026-09-15 16:54:08,518 DEBUG    remote  trace ok: 96 rows, 186 tok, 3.1s
2026-09-15 16:54:11,514 DEBUG    remote  trace ok: 96 rows, 195 tok, 3.0s
2026-09-15 16:54:14,788 DEBUG    remote  trace ok: 96 rows, 189 tok, 3.3s
2026-09-15 16:54:18,174 DEBUG    remote  trace ok: 96 rows, 186 tok, 3.4s
2026-09-15 16:54:21,435 DEBUG    remote  trace ok: 96 rows, 201 tok, 3.2s
2026-09-15 16:54:24,551 DEBUG    remote  trace ok: 96 rows, 186 tok, 3.1s
2026-09-15 16:54:27,489 DEBUG    remote  trace ok: 96 rows, 197 tok, 2.9s
2026-09-15 16:54:30,461 DEBUG    remote  trace ok: 96 rows, 186 tok, 3.0s
2026-09-15 16:54:33,414 DEBUG    remote  trace ok: 96 rows, 195 tok, 2.9s
2026-09-15 16:54:36,370 DEBUG    remote  trace ok: 96 rows, 189 tok, 2.9s
2026-09-15 16:54:39,350 DEBUG    remote  trace ok: 96 rows, 196 tok, 3.0s
2026-09-15 16:54:42,623 DEBUG    remote  trace ok: 96 rows, 186 tok, 3.3s
2026-09-15 16:54:45,844 DEBUG    remote  trace ok: 96 rows, 190 tok, 3.2s
2026-09-15 16:54:48,845 DEBUG    remote  trace ok: 96 rows, 197 tok, 3.0s
2026-09-15 16:54:51,860 DEBUG    remote  trace ok: 96 rows, 184 tok, 3.0s
2026-09-15 16:54:55,172 DEBUG    remote  trace ok: 96 rows, 201 tok, 3.3s
2026-09-15 16:55:01,440 DEBUG    remote  trace ok: 96 rows, 184 tok, 6.3s
2026-09-15 16:55:04,417 DEBUG    remote  trace ok: 96 rows, 195 tok, 3.0s
2026-09-15 16:55:07,390 DEBUG    remote  trace ok: 96 rows, 193 tok, 3.0s
2026-09-15 16:55:10,473 DEBUG    remote  trace ok: 96 rows, 194 tok, 3.1s
2026-09-15 16:55:13,779 DEBUG    remote  trace ok: 96 rows, 186 tok, 3.3s
2026-09-15 16:55:16,952 DEBUG    remote  trace ok: 96 rows, 193 tok, 3.2s
2026-09-15 16:55:19,993 DEBUG    remote  trace ok: 96 rows, 195 tok, 3.0s
2026-09-15 16:55:23,221 DEBUG    remote  trace ok: 96 rows, 181 tok, 3.2s
2026-09-15 16:55:26,596 DEBUG    remote  trace ok: 96 rows, 202 tok, 3.4s
2026-09-15 16:55:29,768 DEBUG    remote  trace ok: 96 rows, 183 tok, 3.2s
2026-09-15 16:55:32,975 DEBUG    remote  trace ok: 96 rows, 198 tok, 3.2s
2026-09-15 16:55:36,196 DEBUG    remote  trace ok: 96 rows, 187 tok, 3.2s
2026-09-15 16:55:39,811 DEBUG    remote  trace ok: 96 rows, 197 tok, 3.6s
2026-09-15 16:55:43,207 DEBUG    remote  trace ok: 96 rows, 186 tok, 3.4s
