2026-09-18 15:27:31,986 INFO     why_whitening_null  run why_whitening_null -> logs/why_whitening_null-2026-09-18-152731.log
2026-09-18 15:27:31,986 INFO     why_whitening_null  config {"lam": 0.0072, "layer": 5, "ticket": "E-016"}
2026-09-18 15:27:52,675 INFO     why_whitening_null  read 12 inner_1 keys at the final position
2026-09-18 15:27:52,830 INFO     whiten  whitener ready: N=2065 d=14336 lam=7.200e-03 (solve is 2065x2065)
2026-09-18 15:27:52,830 INFO     why_whitening_null  
2026-09-18 15:27:52,830 INFO     why_whitening_null  chain    cos(k*,probe)       coeff C=I      coeff C^-1         ratio
2026-09-18 15:27:52,858 INFO     why_whitening_null  61               0.034          0.0268          0.0048         0.18x
2026-09-18 15:27:52,877 INFO     why_whitening_null  254              0.043          0.0305          0.0085         0.28x
2026-09-18 15:27:52,897 INFO     why_whitening_null  273              0.039          0.0334          0.0069         0.21x
2026-09-18 15:27:52,917 INFO     why_whitening_null  342              0.018          0.0132         -0.0008        -0.06x
2026-09-18 15:27:52,938 INFO     why_whitening_null  345              0.035          0.0325          0.0072         0.22x
2026-09-18 15:27:52,958 INFO     why_whitening_null  507              0.036          0.0328          0.0052         0.16x
2026-09-18 15:27:52,978 INFO     why_whitening_null  590              0.034          0.0303          0.0087         0.29x
2026-09-18 15:27:52,999 INFO     why_whitening_null  615              0.039          0.0346          0.0097         0.28x
2026-09-18 15:27:53,019 INFO     why_whitening_null  747              0.025          0.0214         -0.0028        -0.13x
2026-09-18 15:27:53,039 INFO     why_whitening_null  1126             0.034          0.0316          0.0119         0.38x
2026-09-18 15:27:53,058 INFO     why_whitening_null  1289             0.040          0.0416          0.0195         0.47x
2026-09-18 15:27:53,078 INFO     why_whitening_null  1315             0.042          0.0376          0.0125         0.33x
2026-09-18 15:27:53,106 INFO     why_whitening_null  
2026-09-18 15:27:53,107 INFO     why_whitening_null  mean |coeff| on SAME-SUBJECT inner_1 probes : C=I 0.0305  C^-1 0.0082  (0.27x)
2026-09-18 15:27:53,107 INFO     why_whitening_null  mean |coeff| on UNRELATED random keys      : C=I 0.0213  C^-1 0.0011  (0.05x)
2026-09-18 15:27:53,107 INFO     why_whitening_null  
2026-09-18 15:27:53,107 INFO     why_whitening_null  If the same-subject ratio is ~1 while the unrelated ratio is ~0.05, whitening
2026-09-18 15:27:53,107 INFO     why_whitening_null  cannot touch subject-keyed displacement: it preserves exactly the direction
2026-09-18 15:27:53,107 INFO     why_whitening_null  the displacement travels along.
